Location cave
page 1
page 2
page 3
page 4
Location cave
page 1
page 2
page 3
page 4
Location cave
page 1
page 2
page 3
page 4
 ==== annonce 1 ====
surface : 3
0       True
1       True
2       True
3       True
4       True
5       True
6       True
7       True
8       True
9       True
10      True
11      True
12      True
13      True
14      True
15      True
16      True
17      True
18      True
19      True
20      True
21      True
22      True
23      True
24      True
25      True
26      True
27      True
28      True
29      True
       ...  
87      True
88      True
89      True
90      True
91      True
92      True
93      True
94      True
95      True
96      True
97      True
98      True
99      True
100     True
101     True
102     True
103     True
104     True
105     True
106     True
107     True
108     True
109     True
110     True
111     True
112     True
113     True
114     True
115     True
116    False
Length: 117, dtype: bool
page 1
Cave
Grande Cave
page 2
Location grande cave Paris 7
Cave de stokage 18 m2
page 3
page 4
0      False
1      False
2      False
3      False
4      False
5      False
6      False
7      False
8      False
9      False
10     False
11     False
12     False
13     False
14     False
15     False
16     False
17     False
18     False
19     False
20     False
21     False
22     False
23     False
24     False
25     False
26     False
27     False
28     False
29     False
       ...  
87     False
88     False
89     False
90     False
91     False
92     False
93     False
94     False
95     False
96     False
97     False
98     False
99     False
100    False
101    False
102    False
103    False
104    False
105    False
106    False
107    False
108    False
109    False
110    False
111    False
112    False
113    False
114    False
115    False
116     True
Length: 117, dtype: bool
Cave de stockage
page 1
Cave entrepot
Cave / Espace de stockage
page 2
Cave
page 3
CAVE
page 4
 ==== annonce 1 ====
surface : 9
0      False
1      False
2      False
3      False
4      False
5      False
6      False
7      False
8      False
9      False
10     False
11     False
12     False
13     False
14     False
15     False
16     False
17     False
18     False
19     False
20     False
21     False
22     False
23     False
24     False
25     False
26     False
27     False
28     False
29     False
       ...  
88     False
89     False
90     False
91     False
92     False
93     False
94     False
95     False
96     False
97     False
98     False
99     False
100    False
101    False
102    False
103    False
104    False
105    False
106    False
107    False
108    False
109    False
110    False
111    False
112    False
113    False
114    False
115    False
116    False
117    False
Length: 118, dtype: bool
